[sheetengine.codeplex.com/index.html]
[backblue.gif]
[fade.gif]
[index.html]
[download-codeplex.sec.s-msft.com/css/v21050/i2036743/StyleSheet.css]
[ajax.aspnetcdn.com/ajax/jquery/jquery-1.4.4.min.js]
[ajax.aspnetcdn.com/ajax/jquery.ui/1.8.6/jquery-ui.min.js]
[sheetengine.codeplex.com/rsd]
[sheetengine.codeplex.com/wlwmanifest.xml]
[sheetengine.codeplex.com/project/feeds/rss]
[sheetengine.codeplex.com/project/feeds/rsse0fd]
[sheetengine.codeplex.com/project/feeds/rss32ba]
[sheetengine.codeplex.com/project/feeds/rssbb47]
[sheetengine.codeplex.com/project/feeds/rssfdc7]
[sheetengine.codeplex.com/project/feeds/rssd538]
[sheetengine.codeplex.com/project/feeds/rss4635]
[sheetengine.codeplex.com/site/registereb86.html]
[sheetengine.codeplex.com/SourceControl/list/changesetsc55c.html]
[sheetengine.codeplex.com/releases/view/98942.html]
[sheetengine.codeplex.com/documentation.html]
[sheetengine.codeplex.com/discussions.html]
[sheetengine.codeplex.com/workitem/list/basic.html]
[sheetengine.codeplex.com/team/view.html]
[sheetengine.codeplex.com/license.html]
[sheetengine.codeplex.com/wiki/PageInfobe6c.html]
[sheetengine.codeplex.com/wikipage/history.html]
[sheetengine.codeplex.com/downloads/get/571466.html]
[sheetengine.codeplex.com/documentation8b27.html]
[sheetengine.codeplex.com/releases/view/98942a8c5.html]
[sheetengine.codeplex.com/stats/getActivity.1d.delayed]
[sheetengine.codeplex.com/stats.html]
[sheetengine.codeplex.com/index.html]
[sheetengine.codeplex.com/site/legal/privacy.html]
[download-codeplex.sec.s-msft.com/css/v21050/i2036743/StyleSheet.css]
[ajax.aspnetcdn.com/ajax/jquery/jquery-1.4.4.min.js]
[ajax.aspnetcdn.com/ajax/jquery.ui/1.8.6/jquery-ui.min.js]
[sheetengine.codeplex.com/site/registereb86.html]
[download-codeplex.sec.s-msft.com/css/v21050/i1970691/StyleSheet.css]
[download-codeplex.sec.s-msft.com/css/v21050/i1970247/StyleSheet.css]
[sheetengine.codeplex.com/SourceControl/list/changesetsc55c.html]
[sheetengine.codeplex.com/releases/view/98942.html]
[sheetengine.codeplex.com/documentation.html]
[download-codeplex.sec.s-msft.com/css/v21050/i1971239/StyleSheet.css]
[sheetengine.codeplex.com/discussions.html]
[download-codeplex.sec.s-msft.com/css/v21050/i1970439/StyleSheet.css]
[sheetengine.codeplex.com/workitem/list/basic.html]
[download-codeplex.sec.s-msft.com/css/v21050/i1972231/StyleSheet.css]
[sheetengine.codeplex.com/team/view.html]
[download-codeplex.sec.s-msft.com/css/v21050/i2035719/StyleSheet.css]
[sheetengine.codeplex.com/license.html]
[download-codeplex.sec.s-msft.com/css/v21050/i1970183/StyleSheet.css]
[sheetengine.codeplex.com/wiki/PageInfobe6c.html]
[sheetengine.codeplex.com/wikipage/history.html]
[download-codeplex.sec.s-msft.com/css/v21050/i1971207/StyleSheet.css]
[sheetengine.codeplex.com/downloads/get/571466.html]
[sheetengine.codeplex.com/documentation8b27.html]
[sheetengine.codeplex.com/releases/view/98942a8c5.html]
[sheetengine.codeplex.com/stats/getActivity.html]
[sheetengine.codeplex.com/stats.html]
[download-codeplex.sec.s-msft.com/css/v21050/i1970215/StyleSheet.css]
[sheetengine.codeplex.com/site/legal/privacy.html]
[download-codeplex.sec.s-msft.com/css/v21050/i1970179/StyleSheet.css]
[download-codeplex.sec.s-msft.com/css/v21050/i1970691/StyleSheet.css]
[download-codeplex.sec.s-msft.com/css/v21050/i1970247/StyleSheet.css]
[download-codeplex.sec.s-msft.com/css/v21050/i1971239/StyleSheet.css]
[download-codeplex.sec.s-msft.com/css/v21050/i1970439/StyleSheet.css]
[download-codeplex.sec.s-msft.com/css/v21050/i1972231/StyleSheet.css]
[download-codeplex.sec.s-msft.com/css/v21050/i2035719/StyleSheet.css]
[download-codeplex.sec.s-msft.com/css/v21050/i1970183/StyleSheet.css]
[download-codeplex.sec.s-msft.com/css/v21050/i1971207/StyleSheet.css]
[download-codeplex.sec.s-msft.com/css/v21050/i1970215/StyleSheet.css]
[download-codeplex.sec.s-msft.com/css/v21050/i1970179/StyleSheet.css]
